Last login: Mon Oct 12 20:06:39 on ttys000
estefhanymorenovega@MacBook-Air-de-Estefhany ~ % git clone https://github.com/EstefhanyMoreno/datamex_102020
Cloning into 'datamex_102020'...
remote: Enumerating objects: 714, done.
remote: Total 714 (delta 0), reused 0 (delta 0), pack-reused 714
Receiving objects: 100% (714/714), 239.55 MiB | 4.00 MiB/s, done.
Resolving deltas: 100% (110/110), done.
Updating files: 100% (640/640), done.
estefhanymorenovega@MacBook-Air-de-Estefhany ~ % cd datamex_102020
estefhanymorenovega@MacBook-Air-de-Estefhany datamex_102020 % git checkout -b m1lab1
Switched to a new branch 'm1lab1'
estefhanymorenovega@MacBook-Air-de-Estefhany datamex_102020 % cd module-1
estefhanymorenovega@MacBook-Air-de-Estefhany module-1 % ls
data pipelines guided lesson		lab-lambda-functions
lab-advanced-mysql			lab-list-comprehensions
lab-advanced-regex			lab-map-reduce-filter
lab-advanced-web-scraping		lab-mysql
lab-api-scavenger-game			lab-mysql-select
lab-bag-of-words			lab-numpy
lab-bash				lab-object-oriented-programming
lab-code-simplicity-efficiency		lab-parallelization
lab-data-vikings			lab-parsing-api
lab-data_cleaning			lab-resolving-git-conflicts
lab-df-calculation-and-transformation	lab-rss
lab-errhand_listcomp			lab-string-operations
lab-error-handling			lab-tuple-set-dict
lab-functional-programming		lab-web-scraping
lab-generators-functions		pandas-project
lab-import-export			pipelines-project
lab-intro-pandas			python-project
lab-job-board-scraping			web-project
estefhanymorenovega@MacBook-Air-de-Estefhany module-1 % cd lab-bash
estefhanymorenovega@MacBook-Air-de-Estefhany lab-bash % echo Hello world!
Hello world!
estefhanymorenovega@MacBook-Air-de-Estefhany lab-bash % mkdir new_dir
estefhanymorenovega@MacBook-Air-de-Estefhany lab-bash % ls
README.md	inputs		lorem-copy	outputs
exercices	lorem		new_dir
estefhanymorenovega@MacBook-Air-de-Estefhany lab-bash % rm -r new_dir
estefhanymorenovega@MacBook-Air-de-Estefhany lab-bash % ls
README.md	exercices	inputs		lorem		lorem-copy	outputs
estefhanymorenovega@MacBook-Air-de-Estefhany lab-bash % cp lorem/sed.txt lorem-copy
estefhanymorenovega@MacBook-Air-de-Estefhany lab-bash % cd lorem-copy
estefhanymorenovega@MacBook-Air-de-Estefhany lorem-copy % ls
sed.txt
estefhanymorenovega@MacBook-Air-de-Estefhany lorem-copy % cd ..
estefhanymorenovega@MacBook-Air-de-Estefhany lab-bash % cp lorem/at.txt lorem-copy| cp lorem/lorem.txt lorem-copy
estefhanymorenovega@MacBook-Air-de-Estefhany lab-bash % cd lorem-copy
estefhanymorenovega@MacBook-Air-de-Estefhany lorem-copy % ls
at.txt		lorem.txt	sed.txt
estefhanymorenovega@MacBook-Air-de-Estefhany lorem-copy % cd ..
estefhanymorenovega@MacBook-Air-de-Estefhany lab-bash %  cat lorem/sed.txt
Sed ut perspiciatis unde omnis iste natus error sit voluptatem accusantium doloremque laudantium, 
totam rem aperiam, eaque ipsa quae ab illo inventore veritatis et quasi architecto beatae vitae dicta sunt explicabo. 
Nemo enim ipsam voluptatem quia voluptas sit aspernatur aut odit aut fugit, 
sed quia consequuntur magni dolores eos qui ratione voluptatem sequi nesciunt. 
Neque porro quisquam est, qui dolorem ipsum quia dolor sit amet, consectetur, adipisci velit, 
sed quia non numquam eius modi tempora incidunt ut labore et dolore magnam aliquam quaerat voluptatem. 
Ut enim ad minima veniam, quis nostrum exercitationem ullam corporis suscipit laboriosam, 
nisi ut aliquid ex ea commodi consequatur? Quis autem vel eum iure reprehenderit qui in ea voluptate velit esse quam nihil molestiae consequatur, 
vel illum qui dolorem eum fugiat quo voluptas nulla pariatur?%                                             estefhanymorenovega@MacBook-Air-de-Estefhany lab-bash % cat lorem/at.txt 
At vero eos et accusamus et iusto odio dignissimos ducimus qui blanditiis praesentium voluptatum 
deleniti atque corrupti quos dolores et quas molestias excepturi sint occaecati cupiditate non 
provident, similique sunt in culpa qui officia deserunt mollitia animi, id est laborum et dolorum fuga. 
Et harum quidem rerum facilis est et expedita distinctio. 
Nam libero tempore, cum soluta nobis est eligendi optio cumque nihil impedit quo minus id quod 
maxime placeat facere possimus, omnis voluptas assumenda est, omnis dolor repellendus. 
Temporibus autem quibusdam et aut officiis debitis aut rerum necessitatibus saepe eveniet 
ut et voluptates repudiandae sint et molestiae non recusandae. 
Itaque earum rerum hic tenetur a sapiente delectus, ut aut reiciendis voluptatibus maiores 
alias consequatur aut perferendis doloribus asperiores repellat%                                           estefhanymorenovega@MacBook-Air-de-Estefhany lab-bash % cat lorem/lorem.txt
Lorem ipsum dolor sit amet, consectetur adipiscing elit, sed do eiusmod tempor incididunt ut labore et dolore magna aliqua. 
Ut enim ad minim veniam, quis nostrud exercitation ullamco laboris nisi ut aliquip ex ea commodo consequat. 
Duis aute irure dolor in reprehenderit in voluptate velit esse cillum dolore eu fugiat nulla pariatur. 
Excepteur sint occaecat cupidatat non proident, sunt in culpa qui officia deserunt mollit anim id est laborum.%                                                                                                       estefhanymorenovega@MacBook-Air-de-Estefhany lab-bash % head -n2 lorem-copy/sed.txt 
Sed ut perspiciatis unde omnis iste natus error sit voluptatem accusantium doloremque laudantium, 
totam rem aperiam, eaque ipsa quae ab illo inventore veritatis et quasi architecto beatae vitae dicta sunt explicabo. 
estefhanymorenovega@MacBook-Air-de-Estefhany lab-bash % tail -n2 lorem-copy/sed.txt
nisi ut aliquid ex ea commodi consequatur? Quis autem vel eum iure reprehenderit qui in ea voluptate velit esse quam nihil molestiae consequatur, 
vel illum qui dolorem eum fugiat quo voluptas nulla pariatur?%                                             estefhanymorenovega@MacBook-Air-de-Estefhany lab-bash % sed 's/et/ET/' lorem-copy/sed.txt 
Sed ut perspiciatis unde omnis iste natus error sit voluptatem accusantium doloremque laudantium, 
totam rem aperiam, eaque ipsa quae ab illo inventore veritatis ET quasi architecto beatae vitae dicta sunt explicabo. 
Nemo enim ipsam voluptatem quia voluptas sit aspernatur aut odit aut fugit, 
sed quia consequuntur magni dolores eos qui ratione voluptatem sequi nesciunt. 
Neque porro quisquam est, qui dolorem ipsum quia dolor sit amET, consectetur, adipisci velit, 
sed quia non numquam eius modi tempora incidunt ut labore ET dolore magnam aliquam quaerat voluptatem. 
Ut enim ad minima veniam, quis nostrum exercitationem ullam corporis suscipit laboriosam, 
nisi ut aliquid ex ea commodi consequatur? Quis autem vel eum iure reprehenderit qui in ea voluptate velit esse quam nihil molestiae consequatur, 
vel illum qui dolorem eum fugiat quo voluptas nulla pariatur?
estefhanymorenovega@MacBook-Air-de-Estefhany lab-bash % sed 's/ET/et/' lorem-copy/sed.txt 
Sed ut perspiciatis unde omnis iste natus error sit voluptatem accusantium doloremque laudantium, 
totam rem aperiam, eaque ipsa quae ab illo inventore veritatis et quasi architecto beatae vitae dicta sunt explicabo. 
Nemo enim ipsam voluptatem quia voluptas sit aspernatur aut odit aut fugit, 
sed quia consequuntur magni dolores eos qui ratione voluptatem sequi nesciunt. 
Neque porro quisquam est, qui dolorem ipsum quia dolor sit amet, consectetur, adipisci velit, 
sed quia non numquam eius modi tempora incidunt ut labore et dolore magnam aliquam quaerat voluptatem. 
Ut enim ad minima veniam, quis nostrum exercitationem ullam corporis suscipit laboriosam, 
nisi ut aliquid ex ea commodi consequatur? Quis autem vel eum iure reprehenderit qui in ea voluptate velit esse quam nihil molestiae consequatur, 
vel illum qui dolorem eum fugiat quo voluptas nulla pariatur?
estefhanymorenovega@MacBook-Air-de-Estefhany lab-bash % echo Homo homini lupus. >> lorem-copy/sed.txt

estefhanymorenovega@MacBook-Air-de-Estefhany lab-bash % tail -n1 lorem-copy/sed.txt
vel illum qui dolorem eum fugiat quo voluptas nulla pariatur?Homo homini lupus.
estefhanymorenovega@MacBook-Air-de-Estefhany lab-bash % sed 's/et/ET/' lorem-copy/at.txt
At vero eos ET accusamus et iusto odio dignissimos ducimus qui blanditiis praesentium voluptatum 
deleniti atque corrupti quos dolores ET quas molestias excepturi sint occaecati cupiditate non 
provident, similique sunt in culpa qui officia deserunt mollitia animi, id est laborum ET dolorum fuga. 
Et harum quidem rerum facilis est ET expedita distinctio. 
Nam libero tempore, cum soluta nobis est eligendi optio cumque nihil impedit quo minus id quod 
maxime placeat facere possimus, omnis voluptas assumenda est, omnis dolor repellendus. 
Temporibus autem quibusdam ET aut officiis debitis aut rerum necessitatibus saepe eveniet 
ut ET voluptates repudiandae sint et molestiae non recusandae. 
Itaque earum rerum hic tenETur a sapiente delectus, ut aut reiciendis voluptatibus maiores 
alias consequatur aut perferendis doloribus asperiores repellat
estefhanymorenovega@MacBook-Air-de-Estefhany lab-bash % whoami
estefhanymorenovega
estefhanymorenovega@MacBook-Air-de-Estefhany lab-bash % pwd
/Users/estefhanymorenovega/datamex_102020/module-1/lab-bash
estefhanymorenovega@MacBook-Air-de-Estefhany lab-bash % lorem % find *.txt    
zsh: no matches found: *.txt
estefhanymorenovega@MacBook-Air-de-Estefhany lab-bash % find *.txt
zsh: no matches found: *.txt
estefhanymorenovega@MacBook-Air-de-Estefhany lab-bash % find '*.txt'
find: *.txt: No such file or directory
estefhanymorenovega@MacBook-Air-de-Estefhany lab-bash % find lorem/  "*.txt"              
lorem/
lorem//at.txt
lorem//lorem.txt
lorem//sed.txt
find: *.txt: No such file or directory
estefhanymorenovega@MacBook-Air-de-Estefhany lab-bash % find lorem "*.txt"
lorem
lorem/at.txt
lorem/lorem.txt
lorem/sed.txt
find: *.txt: No such file or directory
estefhanymorenovega@MacBook-Air-de-Estefhany lab-bash % cat lorem/sed.txt | wc lorem/sed.txt
       8     129     873 lorem/sed.txt
estefhanymorenovega@MacBook-Air-de-Estefhany lab-bash % find lorem -type f | wc -l 
       3
estefhanymorenovega@MacBook-Air-de-Estefhany lab-bash % grep --color 'et' lorem/at.txt
At vero eos et accusamus et iusto odio dignissimos ducimus qui blanditiis praesentium voluptatum 
deleniti atque corrupti quos dolores et quas molestias excepturi sint occaecati cupiditate non 
provident, similique sunt in culpa qui officia deserunt mollitia animi, id est laborum et dolorum fuga. 
Et harum quidem rerum facilis est et expedita distinctio. 
Temporibus autem quibusdam et aut officiis debitis aut rerum necessitatibus saepe eveniet 
ut et voluptates repudiandae sint et molestiae non recusandae. 
Itaque earum rerum hic tenetur a sapiente delectus, ut aut reiciendis voluptatibus maiores 
estefhanymorenovega@MacBook-Air-de-Estefhany lab-bash % grep -i 'et' lorem/at.txt| wc -l
       7
estefhanymorenovega@MacBook-Air-de-Estefhany lab-bash % grep -r 'et' lorem-copy | wc -l
      11